2026-01-21 14:06:04,452 - SaikoSystem - INFO - 🧠 Cortex: Loading Neural Models...
2026-01-21 14:06:06,654 - SaikoSystem - INFO - ⚡ CORTEX: Vectorizing Rules into RAM...
2026-01-21 14:06:07,132 - SaikoSystem - INFO - ✅ CORTEX: Knowledge Graph Built.
2026-01-21 14:06:40,942 - SaikoSystem - INFO - ✅ Bridge Online.
2026-01-21 14:07:45,697 - SaikoSystem - INFO - 🎮 Session 20e440d0 [DISCOVERY]: saiko can you hear me?
2026-01-21 14:07:46,012 - SaikoSystem - INFO - 🧠 Cortex Analysis: {'type': 'NONE', 'label': None, 'score': 0.0}
2026-01-21 14:08:02,807 - SaikoSystem - INFO - 🎮 Session 20e440d0 [DISCOVERY]: i will you my order number i need help with it
2026-01-21 14:08:02,824 - SaikoSystem - INFO - 🧠 Cortex Analysis: {'type': 'INTENT', 'label': 'STATUS', 'score': 0.6318681836128235}
2026-01-21 14:08:17,440 - SaikoSystem - INFO - 🎮 Session 20e440d0 [ORGANIZE]: yes it is. wh12345678
2026-01-21 14:08:17,459 - SaikoSystem - INFO - 🧠 Cortex Analysis: {'type': 'NONE', 'label': None, 'score': 0.0}
2026-01-21 14:08:26,019 - SaikoSystem - INFO - 🎮 Session 20e440d0 [EDUCATE]: alright
2026-01-21 14:08:26,032 - SaikoSystem - INFO - 🧠 Cortex Analysis: {'type': 'PASSIVE', 'label': 'AGREEMENT', 'score': 1.0}
2026-01-21 14:08:36,884 - SaikoSystem - INFO - 🎮 Session 20e440d0 [EDUCATE]: do you see my order?
2026-01-21 14:08:37,122 - SaikoSystem - INFO - 🧠 Cortex Analysis: {'type': 'INTENT', 'label': 'STATUS', 'score': 0.6636953949928284}
2026-01-21 14:08:50,468 - SaikoSystem - INFO - 🎮 Session 20e440d0 [EDUCATE]: when am i gonna get it?
2026-01-21 14:08:50,737 - SaikoSystem - INFO - 🧠 Cortex Analysis: {'type': 'INTENT', 'label': 'STATUS', 'score': 0.34582340717315674}
2026-01-21 14:10:47,886 - SaikoSystem - INFO - 🎮 Session 20e440d0 [EDUCATE]: yeah it was the Quantum-Core Processor, i need it to be delivered to circle street 123 ohio ohio 12345
2026-01-21 14:10:47,998 - SaikoSystem - INFO - 🧠 Cortex Analysis: {'type': 'INTENT', 'label': 'STATUS', 'score': 0.3345761001110077}
2026-01-21 14:11:30,109 - SaikoSystem - INFO - 🎮 Session 20e440d0 [EDUCATE]: is there any way you can speed it up? i dont want to stall my project
2026-01-21 14:11:30,134 - SaikoSystem - INFO - 🧠 Cortex Analysis: {'type': 'NONE', 'label': None, 'score': 0.0}
